openocd -f interface/cmsis-dap.cfg -f target/rp2040.cfg -c "adapter speed 5000"
Open On-Chip Debugger 0.12.0+dev-02429-ge4c49d860 (2026-03-08-10:25)
Licensed under GNU GPL v2
For bug reports, read
	http://openocd.org/doc/doxygen/bugs.html
Info : [rp2040.core0] Hardware thread awareness created
Info : [rp2040.core1] Hardware thread awareness created
adapter speed: 5000 kHz
Info : Listening on port 6666 for tcl connections
Info : Listening on port 4444 for telnet connections
Info : Using CMSIS-DAPv2 interface with VID:PID=0x2e8a:0x000c, serial=E6616407E3188E23
Info : CMSIS-DAP: SWD supported
Info : CMSIS-DAP: Atomic commands supported
Info : CMSIS-DAP: Test domain timer supported
Info : CMSIS-DAP: FW Version = 2.0.0
Info : CMSIS-DAP: Interface Initialised (SWD)
Info : SWCLK/TCK = 0 SWDIO/TMS = 0 TDI = 0 TDO = 0 nTRST = 0 nRESET = 1
Info : CMSIS-DAP: Interface ready
Info : clock speed 5000 kHz
Info : SWD DPIDR 0x0bc12477, DLPIDR 0x00000001
Info : SWD DPIDR 0x0bc12477, DLPIDR 0x10000001
Info : [rp2040.core0] Cortex-M0+ r0p1 processor detected
Info : [rp2040.core0] target has 4 breakpoints, 2 watchpoints
Info : [rp2040.core0] Examination succeed
Info : [rp2040.core1] Cortex-M0+ r0p1 processor detected
Info : [rp2040.core1] target has 4 breakpoints, 2 watchpoints
Info : [rp2040.core1] Examination succeed
Info : [rp2040.core0] starting gdb server on 3333
Info : Listening on port 3333 for gdb connections
Info : accepting 'gdb' connection on tcp/3333
Info : RP2040 rev 2, QSPI Flash win w25q16jv id = 0x1540ef size = 2048 KiB in 512 sectors
Info : New GDB Connection: 1, Target rp2040.core0, state: halted
[rp2040.core0] halted due to breakpoint, current mode: Thread 
xPSR: 0x21000000 pc: 0x10001afc msp: 0x20041fe0
[rp2040.core1] halted due to debug-request, current mode: Thread 
xPSR: 0x41000000 pc: 0x10005c1a msp: 0x20000448
Info : dropped 'gdb' connection
shutdown command invoked
make: *** [ocd] Terminated: 15
